This is pdfTeX, Version 3.141592653-2.6-1.40.25 (TeX Live 2023) (preloaded format=pdflatex 2026.8.15)  16 AUG 2026 15:09
entering extended mode
 restricted \write18 enabled.
 %&-line parsing enabled.
**main.tex
(./main.tex
LaTeX2e <2022-11-01> patch level 1
L3 programming layer <2023-02-22>
(/usr/share/texlive/texmf-dist/tex/latex/base/article.cls
Document Class: article 2022/07/02 v1.4n Standard LaTeX document class
(/usr/share/texlive/texmf-dist/tex/latex/base/size12.clo
File: size12.clo 2022/07/02 v1.4n Standard LaTeX file (size option)
)
\c@part=\count185
\c@section=\count186
\c@subsection=\count187
\c@subsubsection=\count188
\c@paragraph=\count189
\c@subparagraph=\count190
\c@figure=\count191
\c@table=\count192
\abovecaptionskip=\skip48
\belowcaptionskip=\skip49
\bibindent=\dimen140
)
(/usr/share/texlive/texmf-dist/tex/latex/base/fontenc.sty
Package: fontenc 2021/04/29 v2.0v Standard LaTeX package
)
(/usr/share/texlive/texmf-dist/tex/latex/base/inputenc.sty
Package: inputenc 2021/02/14 v1.3d Input encoding file
\inpenc@prehook=\toks16
\inpenc@posthook=\toks17
)
(/usr/share/texlive/texmf-dist/tex/latex/geometry/geometry.sty
Package: geometry 2020/01/02 v5.9 Page Geometry

(/usr/share/texlive/texmf-dist/tex/latex/graphics/keyval.sty
Package: keyval 2022/05/29 v1.15 key=value parser (DPC)
\KV@toks@=\toks18
)
(/usr/share/texlive/texmf-dist/tex/generic/iftex/ifvtex.sty
Package: ifvtex 2019/10/25 v1.7 ifvtex legacy package. Use iftex instead.

(/usr/share/texlive/texmf-dist/tex/generic/iftex/iftex.sty
Package: iftex 2022/02/03 v1.0f TeX engine tests
))
\Gm@cnth=\count193
\Gm@cntv=\count194
\c@Gm@tempcnt=\count195
\Gm@bindingoffset=\dimen141
\Gm@wd@mp=\dimen142
\Gm@odd@mp=\dimen143
\Gm@even@mp=\dimen144
\Gm@layoutwidth=\dimen145
\Gm@layoutheight=\dimen146
\Gm@layouthoffset=\dimen147
\Gm@layoutvoffset=\dimen148
\Gm@dimlist=\toks19
)
(/usr/share/texlive/texmf-dist/tex/latex/float/float.sty
Package: float 2001/11/08 v1.3d Float enhancements (AL)
\c@float@type=\count196
\float@exts=\toks20
\float@box=\box51
\@float@everytoks=\toks21
\@floatcapt=\box52
)
(/usr/share/texlive/texmf-dist/tex/latex/psnfss/mathptmx.sty
Package: mathptmx 2020/03/25 PSNFSS-v9.3 Times w/ Math, improved (SPQR, WaS) 
LaTeX Font Info:    Redeclaring symbol font `operators' on input line 28.
LaTeX Font Info:    Overwriting symbol font `operators' in version `normal'
(Font)                  OT1/cmr/m/n --> OT1/ztmcm/m/n on input line 28.
LaTeX Font Info:    Overwriting symbol font `operators' in version `bold'
(Font)                  OT1/cmr/bx/n --> OT1/ztmcm/m/n on input line 28.
LaTeX Font Info:    Redeclaring symbol font `letters' on input line 29.
LaTeX Font Info:    Overwriting symbol font `letters' in version `normal'
(Font)                  OML/cmm/m/it --> OML/ztmcm/m/it on input line 29.
LaTeX Font Info:    Overwriting symbol font `letters' in version `bold'
(Font)                  OML/cmm/b/it --> OML/ztmcm/m/it on input line 29.
LaTeX Font Info:    Redeclaring symbol font `symbols' on input line 30.
LaTeX Font Info:    Overwriting symbol font `symbols' in version `normal'
(Font)                  OMS/cmsy/m/n --> OMS/ztmcm/m/n on input line 30.
LaTeX Font Info:    Overwriting symbol font `symbols' in version `bold'
(Font)                  OMS/cmsy/b/n --> OMS/ztmcm/m/n on input line 30.
LaTeX Font Info:    Redeclaring symbol font `largesymbols' on input line 31.
LaTeX Font Info:    Overwriting symbol font `largesymbols' in version `normal'
(Font)                  OMX/cmex/m/n --> OMX/ztmcm/m/n on input line 31.
LaTeX Font Info:    Overwriting symbol font `largesymbols' in version `bold'
(Font)                  OMX/cmex/m/n --> OMX/ztmcm/m/n on input line 31.
\symbold=\mathgroup4
\symitalic=\mathgroup5
LaTeX Font Info:    Redeclaring math alphabet \mathbf on input line 34.
LaTeX Font Info:    Overwriting math alphabet `\mathbf' in version `normal'
(Font)                  OT1/cmr/bx/n --> OT1/ptm/bx/n on input line 34.
LaTeX Font Info:    Overwriting math alphabet `\mathbf' in version `bold'
(Font)                  OT1/cmr/bx/n --> OT1/ptm/bx/n on input line 34.
LaTeX Font Info:    Redeclaring math alphabet \mathit on input line 35.
LaTeX Font Info:    Overwriting math alphabet `\mathit' in version `normal'
(Font)                  OT1/cmr/m/it --> OT1/ptm/m/it on input line 35.
LaTeX Font Info:    Overwriting math alphabet `\mathit' in version `bold'
(Font)                  OT1/cmr/bx/it --> OT1/ptm/m/it on input line 35.
LaTeX Info: Redefining \hbar on input line 50.
)
(/usr/share/texlive/texmf-dist/tex/latex/graphics/graphicx.sty
Package: graphicx 2021/09/16 v1.2d Enhanced LaTeX Graphics (DPC,SPQR)

(/usr/share/texlive/texmf-dist/tex/latex/graphics/graphics.sty
Package: graphics 2022/03/10 v1.4e Standard LaTeX Graphics (DPC,SPQR)

(/usr/share/texlive/texmf-dist/tex/latex/graphics/trig.sty
Package: trig 2021/08/11 v1.11 sin cos tan (DPC)
)
(/usr/share/texlive/texmf-dist/tex/latex/graphics-cfg/graphics.cfg
File: graphics.cfg 2016/06/04 v1.11 sample graphics configuration
)
Package graphics Info: Driver file: pdftex.def on input line 107.

(/usr/share/texlive/texmf-dist/tex/latex/graphics-def/pdftex.def
File: pdftex.def 2022/09/22 v1.2b Graphics/color driver for pdftex
))
\Gin@req@height=\dimen149
\Gin@req@width=\dimen150
)
(/usr/share/texlive/texmf-dist/tex/latex/titlesec/titlesec.sty
Package: titlesec 2021/07/05 v2.14 Sectioning titles
\ttl@box=\box53
\beforetitleunit=\skip50
\aftertitleunit=\skip51
\ttl@plus=\dimen151
\ttl@minus=\dimen152
\ttl@toksa=\toks22
\titlewidth=\dimen153
\titlewidthlast=\dimen154
\titlewidthfirst=\dimen155
)
(/usr/share/texlive/texmf-dist/tex/latex/natbib/natbib.sty
Package: natbib 2010/09/13 8.31b (PWD, AO)
\bibhang=\skip52
\bibsep=\skip53
LaTeX Info: Redefining \cite on input line 694.
\c@NAT@ctr=\count197
)
(/usr/share/texlive/texmf-dist/tex/latex/setspace/setspace.sty
Package: setspace 2022/12/04 v6.7b set line spacing
)
(/usr/share/texlive/texmf-dist/tex/latex/amsmath/amsmath.sty
Package: amsmath 2022/04/08 v2.17n AMS math features
\@mathmargin=\skip54

For additional information on amsmath, use the `?' option.
(/usr/share/texlive/texmf-dist/tex/latex/amsmath/amstext.sty
Package: amstext 2021/08/26 v2.01 AMS text

(/usr/share/texlive/texmf-dist/tex/latex/amsmath/amsgen.sty
File: amsgen.sty 1999/11/30 v2.0 generic functions
\@emptytoks=\toks23
\ex@=\dimen156
))
(/usr/share/texlive/texmf-dist/tex/latex/amsmath/amsbsy.sty
Package: amsbsy 1999/11/29 v1.2d Bold Symbols
\pmbraise@=\dimen157
)
(/usr/share/texlive/texmf-dist/tex/latex/amsmath/amsopn.sty
Package: amsopn 2022/04/08 v2.04 operator names
)
\inf@bad=\count198
LaTeX Info: Redefining \frac on input line 234.
\uproot@=\count199
\leftroot@=\count266
LaTeX Info: Redefining \overline on input line 399.
LaTeX Info: Redefining \colon on input line 410.
\classnum@=\count267
\DOTSCASE@=\count268
LaTeX Info: Redefining \ldots on input line 496.
LaTeX Info: Redefining \dots on input line 499.
LaTeX Info: Redefining \cdots on input line 620.
\Mathstrutbox@=\box54
\strutbox@=\box55
LaTeX Info: Redefining \big on input line 722.
LaTeX Info: Redefining \Big on input line 723.
LaTeX Info: Redefining \bigg on input line 724.
LaTeX Info: Redefining \Bigg on input line 725.
\big@size=\dimen158
LaTeX Font Info:    Redeclaring font encoding OML on input line 743.
LaTeX Font Info:    Redeclaring font encoding OMS on input line 744.
\macc@depth=\count269
LaTeX Info: Redefining \bmod on input line 905.
LaTeX Info: Redefining \pmod on input line 910.
LaTeX Info: Redefining \smash on input line 940.
LaTeX Info: Redefining \relbar on input line 970.
LaTeX Info: Redefining \Relbar on input line 971.
\c@MaxMatrixCols=\count270
\dotsspace@=\muskip16
\c@parentequation=\count271
\dspbrk@lvl=\count272
\tag@help=\toks24
\row@=\count273
\column@=\count274
\maxfields@=\count275
\andhelp@=\toks25
\eqnshift@=\dimen159
\alignsep@=\dimen160
\tagshift@=\dimen161
\tagwidth@=\dimen162
\totwidth@=\dimen163
\lineht@=\dimen164
\@envbody=\toks26
\multlinegap=\skip55
\multlinetaggap=\skip56
\mathdisplay@stack=\toks27
LaTeX Info: Redefining \[ on input line 2953.
LaTeX Info: Redefining \] on input line 2954.
)
(/usr/share/texlive/texmf-dist/tex/latex/amsfonts/amssymb.sty
Package: amssymb 2013/01/14 v3.01 AMS font symbols

(/usr/share/texlive/texmf-dist/tex/latex/amsfonts/amsfonts.sty
Package: amsfonts 2013/01/14 v3.01 Basic AMSFonts support
\symAMSa=\mathgroup6
\symAMSb=\mathgroup7
LaTeX Font Info:    Overwriting math alphabet `\mathfrak' in version `bold'
(Font)                  U/euf/m/n --> U/euf/b/n on input line 106.
))
(/usr/share/texlive/texmf-dist/tex/latex/booktabs/booktabs.sty
Package: booktabs 2020/01/12 v1.61803398 Publication quality tables
\heavyrulewidth=\dimen165
\lightrulewidth=\dimen166
\cmidrulewidth=\dimen167
\belowrulesep=\dimen168
\belowbottomsep=\dimen169
\aboverulesep=\dimen170
\abovetopsep=\dimen171
\cmidrulesep=\dimen172
\cmidrulekern=\dimen173
\defaultaddspace=\dimen174
\@cmidla=\count276
\@cmidlb=\count277
\@aboverulesep=\dimen175
\@belowrulesep=\dimen176
\@thisruleclass=\count278
\@lastruleclass=\count279
\@thisrulewidth=\dimen177
)
(/usr/share/texlive/texmf-dist/tex/latex/tools/indentfirst.sty
Package: indentfirst 1995/11/23 v1.03 Indent first paragraph (DPC)
)
(/usr/share/texlive/texmf-dist/tex/latex/hyperref/hyperref.sty
Package: hyperref 2023-02-07 v7.00v Hypertext links for LaTeX

(/usr/share/texlive/texmf-dist/tex/generic/ltxcmds/ltxcmds.sty
Package: ltxcmds 2020-05-10 v1.25 LaTeX kernel commands for general use (HO)
)
(/usr/share/texlive/texmf-dist/tex/generic/pdftexcmds/pdftexcmds.sty
Package: pdftexcmds 2020-06-27 v0.33 Utility functions of pdfTeX for LuaTeX (HO
)

(/usr/share/texlive/texmf-dist/tex/generic/infwarerr/infwarerr.sty
Package: infwarerr 2019/12/03 v1.5 Providing info/warning/error messages (HO)
)
Package pdftexcmds Info: \pdf@primitive is available.
Package pdftexcmds Info: \pdf@ifprimitive is available.
Package pdftexcmds Info: \pdfdraftmode found.
)
(/usr/share/texlive/texmf-dist/tex/latex/kvsetkeys/kvsetkeys.sty
Package: kvsetkeys 2022-10-05 v1.19 Key value parser (HO)
)
(/usr/share/texlive/texmf-dist/tex/generic/kvdefinekeys/kvdefinekeys.sty
Package: kvdefinekeys 2019-12-19 v1.6 Define keys (HO)
)
(/usr/share/texlive/texmf-dist/tex/generic/pdfescape/pdfescape.sty
Package: pdfescape 2019/12/09 v1.15 Implements pdfTeX's escape features (HO)
)
(/usr/share/texlive/texmf-dist/tex/latex/hycolor/hycolor.sty
Package: hycolor 2020-01-27 v1.10 Color options for hyperref/bookmark (HO)
)
(/usr/share/texlive/texmf-dist/tex/latex/letltxmacro/letltxmacro.sty
Package: letltxmacro 2019/12/03 v1.6 Let assignment for LaTeX macros (HO)
)
(/usr/share/texlive/texmf-dist/tex/latex/auxhook/auxhook.sty
Package: auxhook 2019-12-17 v1.6 Hooks for auxiliary files (HO)
)
(/usr/share/texlive/texmf-dist/tex/latex/hyperref/nameref.sty
Package: nameref 2022-05-17 v2.50 Cross-referencing by name of section

(/usr/share/texlive/texmf-dist/tex/latex/refcount/refcount.sty
Package: refcount 2019/12/15 v3.6 Data extraction from label references (HO)
)
(/usr/share/texlive/texmf-dist/tex/generic/gettitlestring/gettitlestring.sty
Package: gettitlestring 2019/12/15 v1.6 Cleanup title references (HO)

(/usr/share/texlive/texmf-dist/tex/latex/kvoptions/kvoptions.sty
Package: kvoptions 2022-06-15 v3.15 Key value format for package options (HO)
))
\c@section@level=\count280
)
\@linkdim=\dimen178
\Hy@linkcounter=\count281
\Hy@pagecounter=\count282

(/usr/share/texlive/texmf-dist/tex/latex/hyperref/pd1enc.def
File: pd1enc.def 2023-02-07 v7.00v Hyperref: PDFDocEncoding definition (HO)
Now handling font encoding PD1 ...
... no UTF-8 mapping file for font encoding PD1
)
(/usr/share/texlive/texmf-dist/tex/generic/intcalc/intcalc.sty
Package: intcalc 2019/12/15 v1.3 Expandable calculations with integers (HO)
)
(/usr/share/texlive/texmf-dist/tex/generic/etexcmds/etexcmds.sty
Package: etexcmds 2019/12/15 v1.7 Avoid name clashes with e-TeX commands (HO)
)
\Hy@SavedSpaceFactor=\count283

(/usr/share/texlive/texmf-dist/tex/latex/hyperref/puenc.def
File: puenc.def 2023-02-07 v7.00v Hyperref: PDF Unicode definition (HO)
Now handling font encoding PU ...
... no UTF-8 mapping file for font encoding PU
)
Package hyperref Info: Option `hypertexnames' set `false' on input line 4060.
Package hyperref Info: Hyper figures OFF on input line 4177.
Package hyperref Info: Link nesting OFF on input line 4182.
Package hyperref Info: Hyper index ON on input line 4185.
Package hyperref Info: Plain pages OFF on input line 4192.
Package hyperref Info: Backreferencing OFF on input line 4197.
Package hyperref Info: Implicit mode ON; LaTeX internals redefined.
Package hyperref Info: Bookmarks ON on input line 4425.
\c@Hy@tempcnt=\count284

(/usr/share/texlive/texmf-dist/tex/latex/url/url.sty
\Urlmuskip=\muskip17
Package: url 2013/09/16  ver 3.4  Verb mode for urls, etc.
)
LaTeX Info: Redefining \url on input line 4763.
\XeTeXLinkMargin=\dimen179

(/usr/share/texlive/texmf-dist/tex/generic/bitset/bitset.sty
Package: bitset 2019/12/09 v1.3 Handle bit-vector datatype (HO)

(/usr/share/texlive/texmf-dist/tex/generic/bigintcalc/bigintcalc.sty
Package: bigintcalc 2019/12/15 v1.5 Expandable calculations on big integers (HO
)
))
\Fld@menulength=\count285
\Field@Width=\dimen180
\Fld@charsize=\dimen181
Package hyperref Info: Hyper figures OFF on input line 6042.
Package hyperref Info: Link nesting OFF on input line 6047.
Package hyperref Info: Hyper index ON on input line 6050.
Package hyperref Info: backreferencing OFF on input line 6057.
Package hyperref Info: Link coloring OFF on input line 6062.
Package hyperref Info: Link coloring with OCG OFF on input line 6067.
Package hyperref Info: PDF/A mode OFF on input line 6072.

(/usr/share/texlive/texmf-dist/tex/latex/base/atbegshi-ltx.sty
Package: atbegshi-ltx 2021/01/10 v1.0c Emulation of the original atbegshi
package with kernel methods
)
\Hy@abspage=\count286
\c@Item=\count287
\c@Hfootnote=\count288
)
Package hyperref Info: Driver (autodetected): hpdftex.

(/usr/share/texlive/texmf-dist/tex/latex/hyperref/hpdftex.def
File: hpdftex.def 2023-02-07 v7.00v Hyperref driver for pdfTeX

(/usr/share/texlive/texmf-dist/tex/latex/base/atveryend-ltx.sty
Package: atveryend-ltx 2020/08/19 v1.0a Emulation of the original atveryend pac
kage
with kernel methods
)
\Fld@listcount=\count289
\c@bookmark@seq@number=\count290

(/usr/share/texlive/texmf-dist/tex/latex/rerunfilecheck/rerunfilecheck.sty
Package: rerunfilecheck 2022-07-10 v1.10 Rerun checks for auxiliary files (HO)

(/usr/share/texlive/texmf-dist/tex/generic/uniquecounter/uniquecounter.sty
Package: uniquecounter 2019/12/15 v1.4 Provide unlimited unique counter (HO)
)
Package uniquecounter Info: New unique counter `rerunfilecheck' on input line 2
85.
)
\Hy@SectionHShift=\skip57
)
(/usr/share/texlive/texmf-dist/tex/latex/enumitem/enumitem.sty
Package: enumitem 2019/06/20 v3.9 Customized lists
\labelindent=\skip58
\enit@outerparindent=\dimen182
\enit@toks=\toks28
\enit@inbox=\box56
\enit@count@id=\count291
\enitdp@description=\count292
)
LaTeX Font Info:    Trying to load font information for T1+ptm on input line 29
.

(/usr/share/texlive/texmf-dist/tex/latex/psnfss/t1ptm.fd
File: t1ptm.fd 2001/06/04 font definitions for T1/ptm.
)
(/usr/share/texlive/texmf-dist/tex/latex/l3backend/l3backend-pdftex.def
File: l3backend-pdftex.def 2023-01-16 L3 backend support: PDF output (pdfTeX)
\l__color_backend_stack_int=\count293
\l__pdf_internal_box=\box57
)
(./main.aux)
\openout1 = `main.aux'.

LaTeX Font Info:    Checking defaults for OML/cmm/m/it on input line 29.
LaTeX Font Info:    ... okay on input line 29.
LaTeX Font Info:    Checking defaults for OMS/cmsy/m/n on input line 29.
LaTeX Font Info:    ... okay on input line 29.
LaTeX Font Info:    Checking defaults for OT1/cmr/m/n on input line 29.
LaTeX Font Info:    ... okay on input line 29.
LaTeX Font Info:    Checking defaults for T1/cmr/m/n on input line 29.
LaTeX Font Info:    ... okay on input line 29.
LaTeX Font Info:    Checking defaults for TS1/cmr/m/n on input line 29.
LaTeX Font Info:    ... okay on input line 29.
LaTeX Font Info:    Checking defaults for OMX/cmex/m/n on input line 29.
LaTeX Font Info:    ... okay on input line 29.
LaTeX Font Info:    Checking defaults for U/cmr/m/n on input line 29.
LaTeX Font Info:    ... okay on input line 29.
LaTeX Font Info:    Checking defaults for PD1/pdf/m/n on input line 29.
LaTeX Font Info:    ... okay on input line 29.
LaTeX Font Info:    Checking defaults for PU/pdf/m/n on input line 29.
LaTeX Font Info:    ... okay on input line 29.

*geometry* driver: auto-detecting
*geometry* detected driver: pdftex
*geometry* verbose mode - [ preamble ] result:
* driver: pdftex
* paper: a4paper
* layout: <same size as paper>
* layoutoffset:(h,v)=(0.0pt,0.0pt)
* modes: 
* h-part:(L,W,R)=(72.26999pt, 452.9679pt, 72.26999pt)
* v-part:(T,H,B)=(72.26999pt, 700.50687pt, 72.26999pt)
* \paperwidth=597.50787pt
* \paperheight=845.04684pt
* \textwidth=452.9679pt
* \textheight=700.50687pt
* \oddsidemargin=0.0pt
* \evensidemargin=0.0pt
* \topmargin=-37.0pt
* \headheight=12.0pt
* \headsep=25.0pt
* \topskip=12.0pt
* \footskip=30.0pt
* \marginparwidth=35.0pt
* \marginparsep=10.0pt
* \columnsep=10.0pt
* \skip\footins=10.8pt plus 4.0pt minus 2.0pt
* \hoffset=0.0pt
* \voffset=0.0pt
* \mag=1000
* \@twocolumnfalse
* \@twosidefalse
* \@mparswitchfalse
* \@reversemarginfalse
* (1in=72.27pt=25.4mm, 1cm=28.453pt)

(/usr/share/texlive/texmf-dist/tex/context/base/mkii/supp-pdf.mkii
[Loading MPS to PDF converter (version 2006.09.02).]
\scratchcounter=\count294
\scratchdimen=\dimen183
\scratchbox=\box58
\nofMPsegments=\count295
\nofMParguments=\count296
\everyMPshowfont=\toks29
\MPscratchCnt=\count297
\MPscratchDim=\dimen184
\MPnumerator=\count298
\makeMPintoPDFobject=\count299
\everyMPtoPDFconversion=\toks30
) (/usr/share/texlive/texmf-dist/tex/latex/epstopdf-pkg/epstopdf-base.sty
Package: epstopdf-base 2020-01-24 v2.11 Base part for package epstopdf
Package epstopdf-base Info: Redefining graphics rule for `.eps' on input line 4
85.

(/usr/share/texlive/texmf-dist/tex/latex/latexconfig/epstopdf-sys.cfg
File: epstopdf-sys.cfg 2010/07/13 v1.3 Configuration of (r)epstopdf for TeX Liv
e
))
Package hyperref Info: Link coloring OFF on input line 29.

(./main.out) (./main.out)
\@outlinefile=\write3
\openout3 = `main.out'.

<images/university_logo.png, id=352, 552.0625pt x 552.0625pt>
File: images/university_logo.png Graphic file (type png)
<use images/university_logo.png>
Package pdftex.def Info: images/university_logo.png  used on input line 72.
(pdftex.def)             Requested size: 113.81102pt x 113.80533pt.
 [1

{/var/lib/texmf/fonts/map/pdftex/updmap/pdftex.map}{/usr/share/texlive/texmf-di
st/fonts/enc/dvips/base/8r.enc} <./images/university_logo.png>]
LaTeX Font Info:    Trying to load font information for OT1+ztmcm on input line
 92.
 (/usr/share/texlive/texmf-dist/tex/latex/psnfss/ot1ztmcm.fd
File: ot1ztmcm.fd 2000/01/03 Fontinst v1.801 font definitions for OT1/ztmcm.
)
LaTeX Font Info:    Trying to load font information for OML+ztmcm on input line
 92.

(/usr/share/texlive/texmf-dist/tex/latex/psnfss/omlztmcm.fd
File: omlztmcm.fd 2000/01/03 Fontinst v1.801 font definitions for OML/ztmcm.
)
LaTeX Font Info:    Trying to load font information for OMS+ztmcm on input line
 92.

(/usr/share/texlive/texmf-dist/tex/latex/psnfss/omsztmcm.fd
File: omsztmcm.fd 2000/01/03 Fontinst v1.801 font definitions for OMS/ztmcm.
)
LaTeX Font Info:    Trying to load font information for OMX+ztmcm on input line
 92.

(/usr/share/texlive/texmf-dist/tex/latex/psnfss/omxztmcm.fd
File: omxztmcm.fd 2000/01/03 Fontinst v1.801 font definitions for OMX/ztmcm.
)
LaTeX Font Info:    Trying to load font information for OT1+ptm on input line 9
2.

(/usr/share/texlive/texmf-dist/tex/latex/psnfss/ot1ptm.fd
File: ot1ptm.fd 2001/06/04 font definitions for OT1/ptm.
)
LaTeX Font Info:    Font shape `OT1/ptm/bx/n' in size <12> not available
(Font)              Font shape `OT1/ptm/b/n' tried instead on input line 92.
LaTeX Font Info:    Font shape `OT1/ptm/bx/n' in size <9> not available
(Font)              Font shape `OT1/ptm/b/n' tried instead on input line 92.
LaTeX Font Info:    Font shape `OT1/ptm/bx/n' in size <7> not available
(Font)              Font shape `OT1/ptm/b/n' tried instead on input line 92.
 [1] [2] [3]
(./main.toc [4] [5])
\tf@toc=\write4
\openout4 = `main.toc'.

 [6] (./main.lof
LaTeX Font Info:    Trying to load font information for T1+cmtt on input line 6
.

(/usr/share/texlive/texmf-dist/tex/latex/base/t1cmtt.fd
File: t1cmtt.fd 2022/07/10 v2.5l Standard LaTeX font definitions
))
\tf@lof=\write5
\openout5 = `main.lof'.

 [7{/usr/share/texlive/texmf-dist/fonts/enc/dvips/cm-super/cm-super-t1.enc}] (.
/main.lot)
\tf@lot=\write6
\openout6 = `main.lot'.

 [8]
[9] [1]
LaTeX Font Info:    Trying to load font information for TS1+ptm on input line 2
23.
 (/usr/share/texlive/texmf-dist/tex/latex/psnfss/ts1ptm.fd
File: ts1ptm.fd 2001/06/04 font definitions for TS1/ptm.
) [2] [3]
Overfull \hbox (11.13768pt too wide) in paragraph at lines 272--273
[]\T1/ptm/m/n/12 Conventional HVAC reg-u-la-tion re-lies on on-off switch-ing, 
proportional-integral-derivative
 []


Underfull \hbox (badness 3000) in paragraph at lines 284--285
[]\T1/ptm/m/n/12 Cannot en-force ac-tu-a-tor lim-its or com-fort
 []


Underfull \hbox (badness 5475) in paragraph at lines 286--287
[]\T1/ptm/m/n/12 No adap-ta-tion to real-time oc-cu-pancy or
 []

[4]
Underfull \hbox (badness 2261) in paragraph at lines 319--320
[]\T1/ptm/m/n/12 Known dis-tur-bances (e.g., sched-uled oc-cu-
 []

[5]
Overfull \hbox (2.3919pt too wide) in paragraph at lines 332--333
\T1/ptm/m/n/12 There are three out-put con-straints and one con-trol in-put per
 zone. No clas-si-cal or soft-computing
 []


Overfull \hbox (5.78438pt too wide) in paragraph at lines 338--347
 [][] 
 []


Underfull \hbox (badness 10000) in paragraph at lines 362--362
[]\T1/ptm/m/n/12 Historical input-
 []

[6] [7] [8]
<images/fig_architecture_overview.png, id=693, 1445.4pt x 813.0375pt>
File: images/fig_architecture_overview.png Graphic file (type png)
<use images/fig_architecture_overview.png>
Package pdftex.def Info: images/fig_architecture_overview.png  used on input li
ne 434.
(pdftex.def)             Requested size: 452.9679pt x 254.79314pt.
 [9 <./images/fig_architecture_overview.png>] [10] [11] [12]
[13] [14] [15]
<images/fig_stage1_flow_mpc.png, id=753, 1445.4pt x 682.80093pt>
File: images/fig_stage1_flow_mpc.png Graphic file (type png)
<use images/fig_stage1_flow_mpc.png>
Package pdftex.def Info: images/fig_stage1_flow_mpc.png  used on input line 913
.
(pdftex.def)             Requested size: 452.9679pt x 213.97905pt.
 [16 <./images/fig_stage1_flow_mpc.png>]
<images/fig_comfort_zone.png, id=764, 1445.4pt x 336.50719pt>
File: images/fig_comfort_zone.png Graphic file (type png)
<use images/fig_comfort_zone.png>
Package pdftex.def Info: images/fig_comfort_zone.png  used on input line 945.
(pdftex.def)             Requested size: 452.9679pt x 105.45604pt.

Overfull \hbox (68.411pt too wide) in paragraph at lines 955--977
 [][] 
 []

[17 <./images/fig_comfort_zone.png>] [18]
Overfull \hbox (23.99998pt too wide) in paragraph at lines 1077--1111
 [][] 
 []

[19]
<images/fig_stage2_ideal_ask.png, id=785, 1445.4pt x 478.03593pt>
File: images/fig_stage2_ideal_ask.png Graphic file (type png)
<use images/fig_stage2_ideal_ask.png>
Package pdftex.def Info: images/fig_stage2_ideal_ask.png  used on input line 11
22.
(pdftex.def)             Requested size: 452.9679pt x 149.80891pt.
 [20 <./images/fig_stage2_ideal_ask.png>] [21] [22]
<images/fig_layer2_ahu_coordinator.png, id=810, 1445.4pt x 697.10437pt>
File: images/fig_layer2_ahu_coordinator.png Graphic file (type png)
<use images/fig_layer2_ahu_coordinator.png>
Package pdftex.def Info: images/fig_layer2_ahu_coordinator.png  used on input l
ine 1271.
(pdftex.def)             Requested size: 452.9679pt x 218.46152pt.
 [23 <./images/fig_layer2_ahu_coordinator.png>]
Underfull \hbox (badness 5681) in paragraph at lines 1372--1373
[]\T1/ptm/m/n/12 Cooling-coil tem-per-a-
 []


Underfull \hbox (badness 1596) in paragraph at lines 1376--1378
\T1/ptm/m/n/12 air tem-per-a-ture to its ad-mis-si-ble
 []


Underfull \hbox (badness 7540) in paragraph at lines 1379--1380
[]\T1/ptm/m/n/12 Heating-coil tem-per-a-
 []


Underfull \hbox (badness 10000) in paragraph at lines 1390--1392
[]\T1/ptm/m/n/12 Ensures the re-quired min-i-mum
 []


LaTeX Warning: `!h' float specifier changed to `!ht'.

[24] [25]
<images/fig_sim_model.png, id=833, 976.64874pt x 522.95375pt>
File: images/fig_sim_model.png Graphic file (type png)
<use images/fig_sim_model.png>
Package pdftex.def Info: images/fig_sim_model.png  used on input line 1411.
(pdftex.def)             Requested size: 339.72592pt x 181.91142pt.

Overfull \hbox (2.90675pt too wide) in paragraph at lines 1438--1439
\T1/ptm/m/n/12 Plu-gin in-ter-face. The plu-gin in-ter-cepts the sim-u-la-tion 
at two crit-i-cal call-back hooks per timestep, 
 []

[26 <./images/fig_sim_model.png>] [27]
<images/fig_pcb_design.png, id=852, 718.685pt x 382.42876pt>
File: images/fig_pcb_design.png Graphic file (type png)
<use images/fig_pcb_design.png>
Package pdftex.def Info: images/fig_pcb_design.png  used on input line 1463.
(pdftex.def)             Requested size: 339.72592pt x 180.78023pt.
<images/fig_zone_controller_hardwear.png, id=853, 1541.76pt x 2055.68pt>
File: images/fig_zone_controller_hardwear.png Graphic file (type png)
<use images/fig_zone_controller_hardwear.png>
Package pdftex.def Info: images/fig_zone_controller_hardwear.png  used on input
 line 1488.
(pdftex.def)             Requested size: 294.42636pt x 392.55939pt.
 [28 <./images/fig_pcb_design.png>]
Overfull \hbox (3.99017pt too wide) in paragraph at lines 1500--1501
\T1/ptm/m/n/12 This sen-sor pro-vides the $\OML/ztmcm/m/it/12 T[]$ \T1/ptm/m/n/
12 and $\OML/ztmcm/m/it/12 W[]$ \T1/ptm/m/n/12 mea-sure-ments con-sumed by the 
EKF at each timestep. 
 []


LaTeX Warning: `h' float specifier changed to `ht'.

[29 <./images/fig_zone_controller_hardwear.png>] [30]
Overfull \hbox (12.96169pt too wide) in paragraph at lines 1573--1574
\T1/ptm/m/n/12 from the ESP32's flash mem-ory, con-nects to the de-vice via Web
-Socket at \T1/cmtt/m/n/12 ws://192.168.4.1/ws\T1/ptm/m/n/12 . 
 []

<images/fig_dashboard.png, id=874, 1867.97874pt x 983.675pt>
File: images/fig_dashboard.png Graphic file (type png)
<use images/fig_dashboard.png>
Package pdftex.def Info: images/fig_dashboard.png  used on input line 1579.
(pdftex.def)             Requested size: 452.9679pt x 238.51839pt.
[31 <./images/fig_dashboard.png>]
<images/fig_experimental_setup.png, id=881, 1036.62282pt x 813.0375pt>
File: images/fig_experimental_setup.png Graphic file (type png)
<use images/fig_experimental_setup.png>
Package pdftex.def Info: images/fig_experimental_setup.png  used on input line 
1593.
(pdftex.def)             Requested size: 452.9679pt x 355.26883pt.
 [32 <./images/fig_experimental_setup.png>]
<results/fig_ekf_space3.png, id=888, 845.0772pt x 580.0872pt>
File: results/fig_ekf_space3.png Graphic file (type png)
<use results/fig_ekf_space3.png>
Package pdftex.def Info: results/fig_ekf_space3.png  used on input line 1622.
(pdftex.def)             Requested size: 452.9679pt x 310.9322pt.

[33 <./results/fig_ekf_space3.png>]
<results/fig_sim_allzone_temp.png, id=896, 845.0772pt x 876.876pt>
File: results/fig_sim_allzone_temp.png Graphic file (type png)
<use results/fig_sim_allzone_temp.png>
Package pdftex.def Info: results/fig_sim_allzone_temp.png  used on input line 1
656.
(pdftex.def)             Requested size: 452.9679pt x 470.01381pt.
 [34 <./results/fig_sim_allzone_temp.png>]
LaTeX Font Info:    Font shape `OT1/ptm/bx/n' in size <10.95> not available
(Font)              Font shape `OT1/ptm/b/n' tried instead on input line 1676.
LaTeX Font Info:    Font shape `OT1/ptm/bx/n' in size <8> not available
(Font)              Font shape `OT1/ptm/b/n' tried instead on input line 1676.
LaTeX Font Info:    Font shape `OT1/ptm/bx/n' in size <6> not available
(Font)              Font shape `OT1/ptm/b/n' tried instead on input line 1676.

[35]
<results/fig_sim_ahu_arbitration.png, id=908, 1776.6375pt x 1806.75pt>
File: results/fig_sim_ahu_arbitration.png Graphic file (type png)
<use results/fig_sim_ahu_arbitration.png>
Package pdftex.def Info: results/fig_sim_ahu_arbitration.png  used on input lin
e 1720.
(pdftex.def)             Requested size: 452.9679pt x 460.64624pt.
 [36 <./results/fig_sim_ahu_arbitration.png>]
<results/fig_sim_comfort_bars.png, id=915, 845.0772pt x 629.9535pt>
File: results/fig_sim_comfort_bars.png Graphic file (type png)
<use results/fig_sim_comfort_bars.png>
Package pdftex.def Info: results/fig_sim_comfort_bars.png  used on input line 1
733.
(pdftex.def)             Requested size: 452.9679pt x 337.66101pt.
 [37 <./results/fig_sim_comfort_bars.png>]
<results/fig_exp_zone_deepdive.png, id=922, 1104.125pt x 1405.25pt>
File: results/fig_exp_zone_deepdive.png Graphic file (type png)
<use results/fig_exp_zone_deepdive.png>
Package pdftex.def Info: results/fig_exp_zone_deepdive.png  used on input line 
1793.
(pdftex.def)             Requested size: 452.9679pt x 576.49931pt.
<results/fig_exp_ahu_arb.png, id=924, 1246.6575pt x 803.0pt>
File: results/fig_exp_ahu_arb.png Graphic file (type png)
<use results/fig_exp_ahu_arb.png>
Package pdftex.def Info: results/fig_exp_ahu_arb.png  used on input line 1805.
(pdftex.def)             Requested size: 452.9679pt x 291.76314pt.
<results/fig_exp_actuation.png, id=926, 1246.6575pt x 1003.75pt>
File: results/fig_exp_actuation.png Graphic file (type png)
<use results/fig_exp_actuation.png>
Package pdftex.def Info: results/fig_exp_actuation.png  used on input line 1831
.
(pdftex.def)             Requested size: 452.9679pt x 364.70392pt.
 [38] [39 <./results/fig_exp_zone_deepdive.png>] [40 <./results/fig_exp_ahu_arb
.png>] [41 <./results/fig_exp_actuation.png>]
Overfull \hbox (0.92537pt too wide) in paragraph at lines 1856--1857
[]\T1/ptm/m/n/12 A ma-jor chal-lenge was de-vel-op-ing a control-oriented model
 that re-tained phys-i-cal mean-
 []

[42] [43] [44]
Overfull \hbox (9.78114pt too wide) in paragraph at lines 1904--1905
[]\T1/ptm/m/n/12 The cur-rent im-ple-men-ta-tion re-quires man-ual tun-ing of i
ni-tial EKF co-vari-ance and process-
 []

[45] (./main.bbl) [46] [47] [48] (./main.aux)
Package rerunfilecheck Info: File `main.out' has not changed.
(rerunfilecheck)             Checksum: BA46FE6B03EEAD4D33355C07BA0ED60C;18783.
 ) 
Here is how much of TeX's memory you used:
 12098 strings out of 477985
 188917 string characters out of 5839380
 1865388 words of memory out of 6000000
 31821 multiletter control sequences out of 15000+600000
 584264 words of font info for 145 fonts, out of 8000000 for 9000
 14 hyphenation exceptions out of 8191
 75i,16n,76p,1016b,555s stack positions out of 10000i,1000n,20000p,200000b,200000s
</usr/share/texlive/texmf-dist/fonts/type1/public/amsfonts/cm/cmex10.pfb></us
r/share/texlive/texmf-dist/fonts/type1/public/amsfonts/cm/cmmi10.pfb></usr/shar
e/texlive/texmf-dist/fonts/type1/public/amsfonts/cm/cmr10.pfb></usr/share/texli
ve/texmf-dist/fonts/type1/public/amsfonts/cm/cmsy10.pfb></usr/share/texlive/tex
mf-dist/fonts/type1/public/rsfs/rsfs10.pfb></usr/share/texlive/texmf-dist/fonts
/type1/public/cm-super/sftt1200.pfb></usr/share/texlive/texmf-dist/fonts/type1/
urw/symbol/usyr.pfb></usr/share/texlive/texmf-dist/fonts/type1/urw/symbol/usyr.
pfb></usr/share/texlive/texmf-dist/fonts/type1/urw/times/utmb8a.pfb></usr/share
/texlive/texmf-dist/fonts/type1/urw/times/utmr8a.pfb></usr/share/texlive/texmf-
dist/fonts/type1/urw/times/utmri8a.pfb>
Output written on main.pdf (58 pages, 11100129 bytes).
PDF statistics:
 1085 PDF objects out of 1200 (max. 8388607)
 957 compressed objects within 10 object streams
 238 named destinations out of 1000 (max. 500000)
 795 words of extra memory for PDF output out of 10000 (max. 10000000)

