\BOOKMARK [1][-]{Doc-Start}{\376\377\000E\000x\000e\000c\000u\000t\000i\000v\000e\000\040\000S\000u\000m\000m\000a\000r\000y}{}% 1
\BOOKMARK [1][-]{Doc-Start}{\376\377\000A\000c\000k\000n\000o\000w\000l\000e\000d\000g\000m\000e\000n\000t\000s}{}% 2
\BOOKMARK [1][-]{Doc-Start}{\376\377\000D\000e\000c\000l\000a\000r\000a\000t\000i\000o\000n}{}% 3
\BOOKMARK [1][-]{Doc-Start}{\376\377\000L\000i\000s\000t\000\040\000o\000f\000\040\000F\000i\000g\000u\000r\000e\000s}{}% 4
\BOOKMARK [1][-]{Doc-Start}{\376\377\000L\000i\000s\000t\000\040\000o\000f\000\040\000T\000a\000b\000l\000e\000s}{}% 5
\BOOKMARK [1][-]{Doc-Start}{\376\377\000A\000b\000b\000r\000e\000v\000i\000a\000t\000i\000o\000n\000s}{}% 6
\BOOKMARK [1][-]{section.1}{\376\377\000I\000n\000t\000r\000o\000d\000u\000c\000t\000i\000o\000n}{}% 7
\BOOKMARK [2][-]{subsection.2}{\376\377\000A\000i\000m\000s\000\040\000a\000n\000d\000\040\000O\000b\000j\000e\000c\000t\000i\000v\000e\000s}{section.1}% 8
\BOOKMARK [2][-]{subsection.3}{\376\377\000S\000c\000o\000p\000e}{section.1}% 9
\BOOKMARK [2][-]{subsection.4}{\376\377\000I\000n\000t\000e\000n\000d\000e\000d\000\040\000B\000e\000n\000e\000f\000i\000c\000i\000a\000r\000i\000e\000s}{section.1}% 10
\BOOKMARK [2][-]{subsection.5}{\376\377\000A\000p\000p\000r\000o\000a\000c\000h}{section.1}% 11
\BOOKMARK [2][-]{subsection.6}{\376\377\000A\000s\000s\000u\000m\000p\000t\000i\000o\000n\000s}{section.1}% 12
\BOOKMARK [2][-]{subsection.7}{\376\377\000E\000x\000p\000e\000c\000t\000e\000d\000\040\000O\000u\000t\000c\000o\000m\000e\000s}{section.1}% 13
\BOOKMARK [1][-]{section.8}{\376\377\000B\000a\000c\000k\000g\000r\000o\000u\000n\000d}{}% 14
\BOOKMARK [2][-]{subsection.9}{\376\377\000C\000o\000n\000v\000e\000n\000t\000i\000o\000n\000a\000l\000\040\000H\000V\000A\000C\000\040\000C\000o\000n\000t\000r\000o\000l\000\040\000S\000t\000r\000a\000t\000e\000g\000i\000e\000s\000\040\000a\000n\000d\000\040\000t\000h\000e\000i\000r\000\040\000L\000i\000m\000i\000t\000a\000t\000i\000o\000n\000s}{section.8}% 15
\BOOKMARK [3][-]{subsubsection.10}{\376\377\000C\000l\000a\000s\000s\000i\000c\000a\000l\000\040\000C\000o\000n\000t\000r\000o\000l}{subsection.9}% 16
\BOOKMARK [3][-]{subsubsection.12}{\376\377\000I\000n\000t\000e\000l\000l\000i\000g\000e\000n\000t\000\040\000a\000n\000d\000\040\000S\000o\000f\000t\000\040\000C\000o\000m\000p\000u\000t\000i\000n\000g\000\040\000A\000p\000p\000r\000o\000a\000c\000h\000e\000s}{subsection.9}% 17
\BOOKMARK [3][-]{subsubsection.13}{\376\377\000M\000o\000d\000e\000l\000\040\000P\000r\000e\000d\000i\000c\000t\000i\000v\000e\000\040\000C\000o\000n\000t\000r\000o\000l}{subsection.9}% 18
\BOOKMARK [2][-]{subsection.15}{\376\377\000T\000h\000e\000\040\000C\000o\000u\000p\000l\000e\000d\000\040\000N\000a\000t\000u\000r\000e\000\040\000o\000f\000\040\000I\000n\000d\000o\000o\000r\000\040\000A\000i\000r\000\040\000Q\000u\000a\000l\000i\000t\000y\000\040\000R\000e\000g\000u\000l\000a\000t\000i\000o\000n}{section.8}% 19
\BOOKMARK [2][-]{subsection.17}{\376\377\000B\000u\000i\000l\000d\000i\000n\000g\000\040\000T\000h\000e\000r\000m\000a\000l\000\040\000M\000o\000d\000e\000l\000l\000i\000n\000g}{section.8}% 20
\BOOKMARK [2][-]{subsection.19}{\376\377\000D\000e\000c\000e\000n\000t\000r\000a\000l\000i\000s\000e\000d\000\040\000a\000n\000d\000\040\000A\000g\000e\000n\000t\000-\000B\000a\000s\000e\000d\000\040\000C\000o\000n\000t\000r\000o\000l}{section.8}% 21
\BOOKMARK [2][-]{subsection.21}{\376\377\000I\000d\000e\000n\000t\000i\000f\000i\000e\000d\000\040\000G\000a\000p\000s\000\040\000i\000n\000\040\000t\000h\000e\000\040\000L\000i\000t\000e\000r\000a\000t\000u\000r\000e}{section.8}% 22
\BOOKMARK [2][-]{subsection.23}{\376\377\000P\000r\000o\000b\000l\000e\000m\000\040\000S\000t\000a\000t\000e\000m\000e\000n\000t}{section.8}% 23
\BOOKMARK [1][-]{section.24}{\376\377\000C\000o\000n\000t\000r\000o\000l\000\040\000S\000y\000s\000t\000e\000m\000\040\000A\000r\000c\000h\000i\000t\000e\000c\000t\000u\000r\000e}{}% 24
\BOOKMARK [2][-]{subsection.25}{\376\377\000S\000y\000s\000t\000e\000m\000\040\000O\000v\000e\000r\000v\000i\000e\000w}{section.24}% 25
\BOOKMARK [2][-]{subsection.27}{\376\377\000D\000y\000n\000a\000m\000i\000c\000\040\000S\000y\000s\000t\000e\000m\000\040\000D\000e\000r\000i\000v\000a\000t\000i\000o\000n}{section.24}% 26
\BOOKMARK [3][-]{subsubsection.28}{\376\377\000F\000u\000n\000d\000a\000m\000e\000n\000t\000a\000l\000\040\000E\000l\000e\000c\000t\000r\000i\000c\000a\000l\000\040\000A\000n\000a\000l\000o\000g\000y}{subsection.27}% 27
\BOOKMARK [3][-]{subsubsection.29}{\376\377\000S\000i\000n\000g\000l\000e\000-\000Z\000o\000n\000e\000\040\000G\000o\000v\000e\000r\000n\000i\000n\000g\000\040\000E\000q\000u\000a\000t\000i\000o\000n\000s}{subsection.27}% 28
\BOOKMARK [3][-]{subsubsection.34}{\376\377\000M\000o\000d\000e\000l\000\040\000S\000i\000m\000p\000l\000i\000f\000i\000c\000a\000t\000i\000o\000n}{subsection.27}% 29
\BOOKMARK [2][-]{subsection.48}{\376\377\000S\000t\000a\000t\000e\000\040\000E\000s\000t\000i\000m\000a\000t\000i\000o\000n\000\040\000v\000i\000a\000\040\000t\000h\000e\000\040\000E\000x\000t\000e\000n\000d\000e\000d\000\040\000K\000a\000l\000m\000a\000n\000\040\000F\000i\000l\000t\000e\000r\000\040\000\050\000E\000K\000F\000\051}{section.24}% 30
\BOOKMARK [3][-]{subsubsection.49}{\376\377\000A\000u\000g\000m\000e\000n\000t\000e\000d\000\040\000S\000t\000a\000t\000e\000\040\000V\000e\000c\000t\000o\000r}{subsection.48}% 31
\BOOKMARK [3][-]{subsubsection.52}{\376\377\000S\000e\000n\000s\000o\000r\000\040\000F\000u\000s\000i\000o\000n\000\040\000a\000n\000d\000\040\000H\000i\000d\000d\000e\000n\000-\000S\000t\000a\000t\000e\000\040\000E\000s\000t\000i\000m\000a\000t\000i\000o\000n}{subsection.48}% 32
\BOOKMARK [3][-]{subsubsection.54}{\376\377\000D\000i\000s\000t\000u\000r\000b\000a\000n\000c\000e\000\040\000a\000n\000d\000\040\000O\000c\000c\000u\000p\000a\000n\000c\000y\000\040\000O\000b\000s\000e\000r\000v\000a\000t\000i\000o\000n}{subsection.48}% 33
\BOOKMARK [3][-]{subsubsection.57}{\376\377\000O\000n\000l\000i\000n\000e\000\040\000P\000h\000y\000s\000i\000c\000a\000l\000-\000P\000a\000r\000a\000m\000e\000t\000e\000r\000\040\000E\000s\000t\000i\000m\000a\000t\000i\000o\000n}{subsection.48}% 34
\BOOKMARK [3][-]{subsubsection.58}{\376\377\000E\000K\000F\000\040\000P\000r\000e\000d\000i\000c\000t\000i\000o\000n\000\040\000a\000n\000d\000\040\000M\000e\000a\000s\000u\000r\000e\000m\000e\000n\000t\000\040\000C\000o\000r\000r\000e\000c\000t\000i\000o\000n}{subsection.48}% 35
\BOOKMARK [3][-]{subsubsection.60}{\376\377\000E\000K\000F\000\040\000T\000u\000n\000i\000n\000g}{subsection.48}% 36
\BOOKMARK [2][-]{subsection.62}{\376\377\000L\000a\000y\000e\000r\000\040\0001\000\040\000-\000\040\000Z\000o\000n\000e\000\040\000C\000o\000n\000t\000r\000o\000l\000l\000e\000r\000:\000\040\000C\000o\000m\000f\000o\000r\000t\000-\000\040\000a\000n\000d\000\040\000I\000A\000Q\000-\000C\000o\000n\000s\000t\000r\000a\000i\000n\000e\000d\000\040\000M\000P\000C}{section.24}% 37
\BOOKMARK [3][-]{subsubsection.64}{\376\377\000C\000o\000n\000t\000r\000o\000l\000\040\000P\000h\000i\000l\000o\000s\000o\000p\000h\000y}{subsection.62}% 38
\BOOKMARK [3][-]{subsubsection.65}{\376\377\000C\000o\000m\000f\000o\000r\000t\000\040\000a\000n\000d\000\040\000I\000A\000Q\000\040\000O\000p\000e\000r\000a\000t\000i\000n\000g\000\040\000R\000e\000g\000i\000o\000n\000s}{subsection.62}% 39
\BOOKMARK [3][-]{subsubsection.71}{\376\377\000O\000b\000j\000e\000c\000t\000i\000v\000e\000\040\000F\000u\000n\000c\000t\000i\000o\000n}{subsection.62}% 40
\BOOKMARK [3][-]{subsubsection.74}{\376\377\000S\000o\000f\000t\000\040\000C\000o\000n\000s\000t\000r\000a\000i\000n\000t\000s}{subsection.62}% 41
\BOOKMARK [3][-]{subsubsection.76}{\376\377\000H\000a\000r\000d\000\040\000A\000c\000t\000u\000a\000t\000o\000r\000\040\000C\000o\000n\000s\000t\000r\000a\000i\000n\000t\000s}{subsection.62}% 42
\BOOKMARK [3][-]{subsubsection.79}{\376\377\000P\000r\000e\000d\000i\000c\000t\000i\000o\000n\000,\000\040\000M\000P\000C\000\040\000F\000o\000r\000m\000u\000l\000a\000t\000i\000o\000n\000\040\000a\000n\000d\000\040\000T\000u\000n\000i\000n\000g\000\040\000S\000t\000r\000a\000t\000e\000g\000y}{subsection.62}% 43
\BOOKMARK [3][-]{subsubsection.80}{\376\377\000T\000u\000n\000i\000n\000g\000\040\000S\000t\000r\000a\000t\000e\000g\000y}{subsection.62}% 44
\BOOKMARK [2][-]{subsection.82}{\376\377\000L\000a\000y\000e\000r\000\040\0001\000\040\000-\000\040\000Z\000o\000n\000e\000\040\000C\000o\000n\000t\000r\000o\000l\000l\000e\000r\000:\000\040\000I\000d\000e\000a\000l\000\040\000S\000u\000p\000p\000l\000y\000\040\000S\000t\000a\000t\000e\000\040\000S\000o\000l\000v\000e\000r}{section.24}% 45
\BOOKMARK [3][-]{subsubsection.84}{\376\377\000S\000e\000q\000u\000e\000n\000t\000i\000a\000l\000\040\000L\000i\000n\000e\000a\000r\000i\000s\000a\000t\000i\000o\000n\000\040\000a\000n\000d\000\040\000S\000u\000p\000p\000l\000y\000-\000S\000t\000a\000t\000e\000\040\000O\000p\000t\000i\000m\000i\000s\000a\000t\000i\000o\000n}{subsection.82}% 46
\BOOKMARK [3][-]{subsubsection.87}{\376\377\000D\000y\000n\000a\000m\000i\000c\000\040\000N\000e\000u\000t\000r\000a\000l\000\040\000S\000u\000p\000p\000l\000y\000\040\000T\000a\000r\000g\000e\000t}{subsection.82}% 47
\BOOKMARK [3][-]{subsubsection.92}{\376\377\000I\000d\000e\000a\000l\000\040\000S\000t\000a\000t\000e\000\040\000S\000o\000l\000v\000e\000r\000\040\000O\000b\000j\000e\000c\000t\000i\000v\000e\000,\000\040\000P\000e\000n\000a\000l\000t\000i\000e\000s\000,\000\040\000a\000n\000d\000\040\000C\000o\000n\000s\000t\000r\000a\000i\000n\000t\000s}{subsection.82}% 48
\BOOKMARK [3][-]{subsubsection.94}{\376\377\000F\000l\000o\000w\000-\000A\000u\000t\000h\000o\000r\000i\000t\000y\000\040\000T\000a\000p\000e\000r\000\040\000a\000n\000d\000\040\000S\000a\000t\000u\000r\000a\000t\000i\000o\000n\000\040\000I\000n\000d\000e\000x}{subsection.82}% 49
\BOOKMARK [2][-]{subsection.98}{\376\377\000L\000a\000y\000e\000r\000\040\0002\000\040\000-\000\040\000C\000e\000n\000t\000r\000a\000l\000\040\000C\000o\000n\000t\000r\000o\000l\000l\000e\000r\000:\000\040\000A\000H\000U\000\040\000C\000o\000o\000r\000d\000i\000n\000a\000t\000i\000o\000n\000\040\000a\000n\000d\000\040\000M\000u\000l\000t\000i\000-\000Z\000o\000n\000e\000\040\000A\000r\000b\000i\000t\000r\000a\000t\000i\000o\000n}{section.24}% 50
\BOOKMARK [3][-]{subsubsection.102}{\376\377\000M\000u\000l\000t\000i\000-\000Z\000o\000n\000e\000\040\000W\000e\000i\000g\000h\000t\000i\000n\000g}{subsection.98}% 51
\BOOKMARK [3][-]{subsubsection.104}{\376\377\000C\000e\000n\000t\000r\000a\000l\000\040\000C\000o\000o\000r\000d\000i\000n\000a\000t\000i\000o\000n\000\040\000O\000b\000j\000e\000c\000t\000i\000v\000e}{subsection.98}% 52
\BOOKMARK [3][-]{subsubsection.108}{\376\377\000H\000a\000r\000d\000\040\000P\000h\000y\000s\000i\000c\000a\000l\000\040\000C\000o\000n\000s\000t\000r\000a\000i\000n\000t\000s}{subsection.98}% 53
\BOOKMARK [1][-]{section.110}{\376\377\000I\000m\000p\000l\000e\000m\000e\000n\000t\000a\000t\000i\000o\000n\000\040\000a\000n\000d\000\040\000E\000x\000p\000e\000r\000i\000m\000e\000n\000t\000a\000l\000\040\000S\000e\000t\000u\000p}{}% 54
\BOOKMARK [2][-]{subsection.111}{\376\377\000S\000i\000m\000u\000l\000a\000t\000i\000o\000n\000\040\000E\000n\000v\000i\000r\000o\000n\000m\000e\000n\000t}{section.110}% 55
\BOOKMARK [3][-]{subsubsection.112}{\376\377\000E\000n\000e\000r\000g\000y\000P\000l\000u\000s\000\040\000B\000u\000i\000l\000d\000i\000n\000g\000\040\000M\000o\000d\000e\000l}{subsection.111}% 56
\BOOKMARK [3][-]{subsubsection.115}{\376\377\000P\000y\000t\000h\000o\000n\000\040\000P\000l\000u\000g\000i\000n\000\040\000A\000r\000c\000h\000i\000t\000e\000c\000t\000u\000r\000e}{subsection.111}% 57
\BOOKMARK [3][-]{subsubsection.116}{\376\377\000S\000u\000p\000p\000l\000e\000m\000e\000n\000t\000a\000r\000y\000\040\000O\000c\000c\000u\000p\000a\000n\000c\000y\000\040\000D\000a\000t\000a\000s\000e\000t}{subsection.111}% 58
\BOOKMARK [2][-]{subsection.117}{\376\377\000H\000a\000r\000d\000w\000a\000r\000e\000\040\000I\000m\000p\000l\000e\000m\000e\000n\000t\000a\000t\000i\000o\000n}{section.110}% 59
\BOOKMARK [3][-]{subsubsection.118}{\376\377\000C\000o\000n\000t\000r\000o\000l\000l\000e\000r\000\040\000H\000a\000r\000d\000w\000a\000r\000e}{subsection.117}% 60
\BOOKMARK [3][-]{subsubsection.122}{\376\377\000S\000e\000n\000s\000i\000n\000g\000\040\000S\000u\000i\000t\000e}{subsection.117}% 61
\BOOKMARK [3][-]{subsubsection.124}{\376\377\000A\000i\000r\000\040\000F\000l\000o\000w\000\040\000C\000a\000l\000i\000b\000r\000a\000t\000i\000o\000n}{subsection.117}% 62
\BOOKMARK [2][-]{subsection.129}{\376\377\000T\000e\000l\000e\000m\000e\000t\000r\000y\000\040\000a\000n\000d\000\040\000M\000o\000n\000i\000t\000o\000r\000i\000n\000g\000\040\000I\000n\000t\000e\000r\000f\000a\000c\000e}{section.110}% 63
\BOOKMARK [2][-]{subsection.131}{\376\377\000S\000i\000n\000g\000l\000e\000-\000Z\000o\000n\000e\000\040\000E\000x\000p\000e\000r\000i\000m\000e\000n\000t\000a\000l\000\040\000T\000e\000s\000t\000b\000e\000n\000c\000h}{section.110}% 64
\BOOKMARK [1][-]{section.133}{\376\377\000R\000e\000s\000u\000l\000t\000s}{}% 65
\BOOKMARK [2][-]{subsection.134}{\376\377\000S\000i\000m\000u\000l\000a\000t\000i\000o\000n\000\040\000V\000a\000l\000i\000d\000a\000t\000i\000o\000n\000\040\000w\000i\000t\000h\000i\000n\000\040\000E\000n\000e\000r\000g\000y\000P\000l\000u\000s}{section.133}% 66
\BOOKMARK [3][-]{subsubsection.135}{\376\377\000E\000K\000F\000\040\000S\000t\000a\000t\000e\000\040\000T\000r\000a\000c\000k\000i\000n\000g\000\040\000a\000n\000d\000\040\000N\000o\000r\000m\000a\000l\000i\000s\000e\000d\000\040\000I\000n\000n\000o\000v\000a\000t\000i\000o\000n\000\040\000S\000q\000u\000a\000r\000e\000d\000\040\000H\000e\000a\000l\000t\000h}{subsection.134}% 67
\BOOKMARK [3][-]{subsubsection.137}{\376\377\000M\000u\000l\000t\000i\000-\000Z\000o\000n\000e\000\040\000T\000e\000m\000p\000e\000r\000a\000t\000u\000r\000e\000\040\000R\000e\000g\000u\000l\000a\000t\000i\000o\000n\000\040\000w\000i\000t\000h\000\040\000I\000n\000d\000e\000p\000e\000n\000d\000e\000n\000t\000\040\000S\000e\000t\000p\000o\000i\000n\000t\000s}{subsection.134}% 68
\BOOKMARK [3][-]{subsubsection.140}{\376\377\000A\000H\000U\000\040\000C\000o\000o\000r\000d\000i\000n\000a\000t\000o\000r\000\040\000A\000r\000b\000i\000t\000r\000a\000t\000i\000o\000n}{subsection.134}% 69
\BOOKMARK [3][-]{subsubsection.142}{\376\377\000O\000v\000e\000r\000a\000l\000l\000\040\000S\000i\000m\000u\000l\000a\000t\000i\000o\000n\000\040\000R\000e\000s\000u\000l\000t\000s}{subsection.134}% 70
\BOOKMARK [2][-]{subsection.144}{\376\377\000S\000i\000n\000g\000l\000e\000-\000Z\000o\000n\000e\000\040\000C\000o\000o\000l\000\040\000R\000o\000o\000m\000\040\000E\000x\000p\000e\000r\000i\000m\000e\000n\000t\000a\000l\000\040\000P\000e\000r\000f\000o\000r\000m\000a\000n\000c\000e\000\040\000a\000n\000d\000\040\000H\000a\000r\000d\000w\000a\000r\000e\000\040\000V\000a\000l\000i\000d\000a\000t\000i\000o\000n}{section.133}% 71
\BOOKMARK [3][-]{subsubsection.145}{\376\377\000Z\000o\000n\000e\000\040\000C\000o\000n\000t\000r\000o\000l\000l\000e\000r\000\040\000P\000e\000r\000f\000o\000r\000m\000a\000n\000c\000e}{subsection.144}% 72
\BOOKMARK [3][-]{subsubsection.147}{\376\377\000A\000H\000U\000\040\000C\000o\000o\000r\000d\000i\000n\000a\000t\000o\000r\000\040\000A\000r\000b\000i\000t\000r\000a\000t\000i\000o\000n\000\040\000o\000n\000\040\000H\000a\000r\000d\000w\000a\000r\000e}{subsection.144}% 73
\BOOKMARK [3][-]{subsubsection.149}{\376\377\000A\000H\000U\000\040\000C\000o\000m\000p\000o\000n\000e\000n\000t\000\040\000A\000c\000t\000u\000a\000t\000i\000o\000n}{subsection.144}% 74
\BOOKMARK [1][-]{section.151}{\376\377\000D\000i\000s\000c\000u\000s\000s\000i\000o\000n}{}% 75
\BOOKMARK [2][-]{subsection.152}{\376\377\000M\000o\000d\000e\000l\000l\000i\000n\000g\000\040\000C\000h\000a\000l\000l\000e\000n\000g\000e\000s\000\040\000a\000n\000d\000\040\000G\000r\000e\000y\000-\000B\000o\000x\000\040\000M\000o\000d\000e\000l\000\040\000D\000e\000v\000e\000l\000o\000p\000m\000e\000n\000t}{section.151}% 76
\BOOKMARK [2][-]{subsection.153}{\376\377\000E\000K\000F\000\040\000T\000u\000n\000i\000n\000g\000\040\000a\000n\000d\000\040\000C\000o\000n\000v\000e\000r\000g\000e\000n\000c\000e}{section.151}% 77
\BOOKMARK [2][-]{subsection.154}{\376\377\000M\000P\000C\000\040\000T\000u\000n\000i\000n\000g\000\040\000a\000n\000d\000\040\000C\000o\000n\000s\000t\000r\000a\000i\000n\000t\000\040\000H\000i\000e\000r\000a\000r\000c\000h\000y}{section.151}% 78
\BOOKMARK [2][-]{subsection.155}{\376\377\000P\000C\000B\000\040\000D\000e\000s\000i\000g\000n\000\040\000a\000n\000d\000\040\000S\000e\000n\000s\000o\000r\000\040\000N\000o\000i\000s\000e\000\040\000M\000i\000t\000i\000g\000a\000t\000i\000o\000n}{section.151}% 79
\BOOKMARK [2][-]{subsection.156}{\376\377\000S\000e\000n\000s\000o\000r\000\040\000P\000l\000a\000c\000e\000m\000e\000n\000t\000\040\000a\000n\000d\000\040\000M\000u\000l\000t\000i\000-\000S\000e\000n\000s\000o\000r\000\040\000A\000v\000e\000r\000a\000g\000i\000n\000g}{section.151}% 80
\BOOKMARK [2][-]{subsection.157}{\376\377\000S\000i\000m\000u\000l\000a\000t\000i\000o\000n\000-\000t\000o\000-\000H\000a\000r\000d\000w\000a\000r\000e\000\040\000T\000r\000a\000n\000s\000f\000e\000r}{section.151}% 81
\BOOKMARK [1][-]{section.158}{\376\377\000C\000o\000n\000c\000l\000u\000s\000i\000o\000n\000s}{}% 82
\BOOKMARK [1][-]{section.162}{\376\377\000F\000u\000t\000u\000r\000e\000\040\000W\000o\000r\000k}{}% 83
\BOOKMARK [2][-]{subsection.163}{\376\377\000M\000u\000l\000t\000i\000-\000Z\000o\000n\000e\000\040\000H\000a\000r\000d\000w\000a\000r\000e\000\040\000D\000e\000p\000l\000o\000y\000m\000e\000n\000t\000\040\000a\000n\000d\000\040\000R\000o\000b\000u\000s\000t\000n\000e\000s\000s\000\040\000T\000e\000s\000t\000i\000n\000g}{section.162}% 84
\BOOKMARK [2][-]{subsection.164}{\376\377\000S\000y\000s\000t\000e\000m\000\040\000T\000u\000n\000i\000n\000g}{section.162}% 85
\BOOKMARK [2][-]{subsection.165}{\376\377\000V\000A\000V\000\040\000S\000y\000s\000t\000e\000m\000s\000\040\000w\000i\000t\000h\000\040\000R\000e\000h\000e\000a\000t\000\040\000T\000e\000r\000m\000i\000n\000a\000l\000s}{section.162}% 86
\BOOKMARK [2][-]{subsection.166}{\376\377\000D\000e\000m\000a\000n\000d\000\040\000R\000e\000s\000p\000o\000n\000s\000e\000\040\000a\000n\000d\000\040\000E\000n\000e\000r\000g\000y\000\040\000A\000w\000a\000r\000e\000\040\000C\000o\000n\000t\000r\000o\000l}{section.162}% 87
\BOOKMARK [1][-]{appendix.167}{\376\377\000N\000o\000m\000e\000n\000c\000l\000a\000t\000u\000r\000e\000\040\000\046\000\040\000V\000a\000r\000i\000a\000b\000l\000e\000\040\000D\000e\000f\000i\000n\000i\000t\000i\000o\000n\000s}{}% 88
